Prepared input512_reuse00: 300 requests, 10 physical GPUs -> 5 PP groups
Prepared input2000_reuse025: 300 requests, 10 physical GPUs -> 5 PP groups
Prepared input6000_reuse05: 300 requests, 10 physical GPUs -> 5 PP groups
Prepared input10000_reuse00: 300 requests, 10 physical GPUs -> 5 PP groups
Prepared input10000_reuse025: 300 requests, 10 physical GPUs -> 5 PP groups
Prepared input10000_reuse05: 300 requests, 10 physical GPUs -> 5 PP groups
Prepared mixed_rate3p33_seed1: 300 requests, 10 physical GPUs -> 5 PP groups
Prepared input8000_reuse00: 300 requests, 10 physical GPUs -> 5 PP groups
Prepared input8000_reuse025: 300 requests, 10 physical GPUs -> 5 PP groups
Prepared input8000_reuse05: 300 requests, 10 physical GPUs -> 5 PP groups
Prepared 10 pp2_scheduler_hide simulations with max parallelism 3.
Starting pp2_scheduler_hide input512_reuse00
Starting pp2_scheduler_hide input2000_reuse025
Starting pp2_scheduler_hide input6000_reuse05
Completed pp2_scheduler_hide input512_reuse00
Completed pp2_scheduler_hide input2000_reuse025
Completed pp2_scheduler_hide input6000_reuse05
Starting pp2_scheduler_hide input8000_reuse00
Starting pp2_scheduler_hide input8000_reuse025
Starting pp2_scheduler_hide input8000_reuse05
Completed pp2_scheduler_hide input8000_reuse00
Completed pp2_scheduler_hide input8000_reuse025
Completed pp2_scheduler_hide input8000_reuse05
Starting pp2_scheduler_hide input10000_reuse00
Starting pp2_scheduler_hide input10000_reuse025
Starting pp2_scheduler_hide input10000_reuse05
./experiments/2026-07-22_pp2_five_workloads/run_pp2_scheduler_hide_parallel.sh: line 86: 21389 Killed                  env TEMPORARILY_DISABLE_PROTOBUF_VERSION_CHECK=true PYTHONUNBUFFERED=1 "${PYTHON_BIN}" -u -m serving --cluster-config configs/cluster/five_node_rtx4090_apn.json --pp-size 2 --dataset "${EXPERIMENT_REL}/workloads/${workload}.jsonl" --num-reqs 300 --request-routing-policy "${POLICY}" --dtype bfloat16 --kv-cache-dtype auto --max-num-seqs 128 --max-num-batched-tokens 2048 --enable-chunked-prefill --enable-prefix-caching --gpu-backbone-bandwidth-gbps 10.7 --apn-fixed-propagation-ns 300500 --kv-staging-bandwidth-gbytes-per-s 33.8 --kv-staging-latency-ns 102.9 --enable-scheduler-hide-kv-migration --graph-converter in-process --trace-io buffered --output "${output_dir}/requests.csv" --geographic-user-output "${output_dir}/users.csv" --geographic-gpu-output "${output_dir}/gpus.csv" --gpu-utilization-timeseries-output "${output_dir}/gpu_utilization_timeseries.csv" --gpu-utilization-window-ns 1000000000 --geographic-metadata-output "${output_dir}/metadata.json" --run-id "pp2-scheduler-hide-five-server-v2-${workload}" --log-level WARNING > "${log_file}" 2>&1
./experiments/2026-07-22_pp2_five_workloads/run_pp2_scheduler_hide_parallel.sh: line 86: 21390 Killed                  env TEMPORARILY_DISABLE_PROTOBUF_VERSION_CHECK=true PYTHONUNBUFFERED=1 "${PYTHON_BIN}" -u -m serving --cluster-config configs/cluster/five_node_rtx4090_apn.json --pp-size 2 --dataset "${EXPERIMENT_REL}/workloads/${workload}.jsonl" --num-reqs 300 --request-routing-policy "${POLICY}" --dtype bfloat16 --kv-cache-dtype auto --max-num-seqs 128 --max-num-batched-tokens 2048 --enable-chunked-prefill --enable-prefix-caching --gpu-backbone-bandwidth-gbps 10.7 --apn-fixed-propagation-ns 300500 --kv-staging-bandwidth-gbytes-per-s 33.8 --kv-staging-latency-ns 102.9 --enable-scheduler-hide-kv-migration --graph-converter in-process --trace-io buffered --output "${output_dir}/requests.csv" --geographic-user-output "${output_dir}/users.csv" --geographic-gpu-output "${output_dir}/gpus.csv" --gpu-utilization-timeseries-output "${output_dir}/gpu_utilization_timeseries.csv" --gpu-utilization-window-ns 1000000000 --geographic-metadata-output "${output_dir}/metadata.json" --run-id "pp2-scheduler-hide-five-server-v2-${workload}" --log-level WARNING > "${log_file}" 2>&1
./experiments/2026-07-22_pp2_five_workloads/run_pp2_scheduler_hide_parallel.sh: line 86: 21391 Killed                  env TEMPORARILY_DISABLE_PROTOBUF_VERSION_CHECK=true PYTHONUNBUFFERED=1 "${PYTHON_BIN}" -u -m serving --cluster-config configs/cluster/five_node_rtx4090_apn.json --pp-size 2 --dataset "${EXPERIMENT_REL}/workloads/${workload}.jsonl" --num-reqs 300 --request-routing-policy "${POLICY}" --dtype bfloat16 --kv-cache-dtype auto --max-num-seqs 128 --max-num-batched-tokens 2048 --enable-chunked-prefill --enable-prefix-caching --gpu-backbone-bandwidth-gbps 10.7 --apn-fixed-propagation-ns 300500 --kv-staging-bandwidth-gbytes-per-s 33.8 --kv-staging-latency-ns 102.9 --enable-scheduler-hide-kv-migration --graph-converter in-process --trace-io buffered --output "${output_dir}/requests.csv" --geographic-user-output "${output_dir}/users.csv" --geographic-gpu-output "${output_dir}/gpus.csv" --gpu-utilization-timeseries-output "${output_dir}/gpu_utilization_timeseries.csv" --gpu-utilization-window-ns 1000000000 --geographic-metadata-output "${output_dir}/metadata.json" --run-id "pp2-scheduler-hide-five-server-v2-${workload}" --log-level WARNING > "${log_file}" 2>&1
Failed pp2_scheduler_hide input10000_reuse00
Failed pp2_scheduler_hide input10000_reuse025
Failed pp2_scheduler_hide input10000_reuse05
One or more pp2_scheduler_hide simulations failed; inspect /app/LLMServingSim/experiments/2026-07-22_pp2_five_workloads/logs.
