=== 3 proposal arms in parallel with rate4 arrivals ===
[done] kg_baseline
[done] all_tokyo_baseline
[done] kg_proposed
=== All 3 proposal arms complete ===
--- all_tokyo_baseline ---
requests=300
redirects=26 (8.7%)
prewarm_hits=0
prewarm_wasted=0
mean_ttft_ms=949.4
mean_queueing_ms=80.1
--- kg_baseline ---
requests=300
redirects=26 (8.7%)
prewarm_hits=0
prewarm_wasted=0
mean_ttft_ms=955.0
mean_queueing_ms=79.5
--- kg_proposed ---
requests=300
redirects=23 (7.7%)
prewarm_hits=7
prewarm_wasted=119
mean_ttft_ms=939.9
mean_queueing_ms=71.2
