[skip] 1x_seed1_1_no_redirect
[skip] 1x_seed1_2_redirect_no_kv
[skip] 1x_seed1_3_redirect_kv_pp1
[skip] 1x_seed1_4_redirect_kv_pp2
[skip] 2x_seed1_1_no_redirect
[skip] 2x_seed1_2_redirect_no_kv
[skip] 2x_seed1_3_redirect_kv_pp1
[skip] 2x_seed1_4_redirect_kv_pp2
[skip] 3x_seed1_1_no_redirect
[skip] 3x_seed1_2_redirect_no_kv
[skip] 3x_seed1_3_redirect_kv_pp1
[skip] 4x_seed1_2_redirect_no_kv
[skip] 4x_seed1_3_redirect_kv_pp1
[done] 5x_seed1_3_redirect_kv_pp1
[done] 5x_seed1_2_redirect_no_kv
[done] 5x_seed1_4_redirect_kv_pp2
[done] 4x_seed1_4_redirect_kv_pp2
[done] 3x_seed1_4_redirect_kv_pp2
[done] 4x_seed1_1_no_redirect
[done] 6x_seed1_1_no_redirect
[done] 5x_seed1_1_no_redirect
[done] 6x_seed1_2_redirect_no_kv
[done] 6x_seed1_3_redirect_kv_pp1
[done] 7x_seed1_3_redirect_kv_pp1
[done] 8x_seed1_3_redirect_kv_pp1
[done] 6x_seed1_4_redirect_kv_pp2
[done] 7x_seed1_4_redirect_kv_pp2
[done] 7x_seed1_1_no_redirect
[done] 8x_seed1_1_no_redirect
[done] 8x_seed1_2_redirect_no_kv
[done] 9x_seed1_3_redirect_kv_pp1
[done] 8x_seed1_4_redirect_kv_pp2
[done] 7x_seed1_2_redirect_no_kv
[done] 10x_seed1_3_redirect_kv_pp1
[done] 9x_seed1_1_no_redirect
[done] 9x_seed1_4_redirect_kv_pp2
[done] 9x_seed1_2_redirect_no_kv
[done] 10x_seed1_4_redirect_kv_pp2
[done] 10x_seed1_2_redirect_no_kv
[done] 10x_seed1_1_no_redirect
