[done] 1x_seed1_3_redirect_kv_pp1
[done] 1x_seed1_2_redirect_no_kv
[done] 1x_seed1_1_no_redirect
[done] 2x_seed1_3_redirect_kv_pp1
[done] 2x_seed1_2_redirect_no_kv
[done] 2x_seed1_1_no_redirect
[done] 1x_seed1_4_redirect_kv_pp2
[done] 3x_seed1_3_redirect_kv_pp1
[done] 3x_seed1_2_redirect_no_kv
[done] 3x_seed1_1_no_redirect
[done] 2x_seed1_4_redirect_kv_pp2
[done] 4x_seed1_3_redirect_kv_pp1
[done] 4x_seed1_2_redirect_no_kv
[FAIL rc=1] 5x_seed1_1_no_redirect
Traceback (most recent call last):
  File "/app/LLMServingSim/experiments/2026-08-09-consider_ran_workload/run_hongo_four_arm_peak_ran.py", line 180, in <module>
    raise SystemExit(main())
  File "/app/LLMServingSim/experiments/2026-08-09-consider_ran_workload/run_hongo_four_arm_peak_ran.py", line 168, in main
    run_name, returncode = future.result()
  File "/usr/lib/python3.10/concurrent/futures/_base.py", line 451, in result
  File "/usr/lib/python3.10/concurrent/futures/_base.py", line 403, in __get_result
  File "/usr/lib/python3.10/concurrent/futures/thread.py", line 58, in run
  File "/app/LLMServingSim/experiments/2026-08-09-consider_ran_workload/run_hongo_four_arm_peak_ran.py", line 134, in run_case
    result = subprocess.run(command, cwd=REPO_ROOT, stdout=log, stderr=subprocess.STDOUT)
  File "/usr/lib/python3.10/subprocess.py", line 503, in run
  File "/usr/lib/python3.10/subprocess.py", line 971, in __init__
  File "/usr/lib/python3.10/subprocess.py", line 1863, in _execute_child
OSError: [Errno 5] Input/output error: '/opt/venv/astra-sim/bin/python3'
